175/185 Features mismatch: Case=Acc|Gender=Fem|Number=Plur != Case=Acc|Number=Plur
178/188 Features mismatch: Degree=Pos|Gender=Fem|Number=Plur != Degree=Pos
179/189 Features mismatch: Case=Acc|Gender=Fem|Number=Plur != Case=Acc|Number=Plur
180/190 Features mismatch: Case=Acc|Gender=Fem|Number=Plur != Case=Acc|Number=Plur
182/192 Features mismatch: Case=Gen|Gender=Fem|Number=Plur != Case=Gen|Gender=Fem|Number=Dual
226/239 Features mismatch: Case=Nom|Gender=Fem|Number=Plur|Tense=Pres|VerbForm=Part|Voice=Act != Case=Nom|Number=Plur|Tense=Pres|VerbForm=Part|Voice=Act
506/531 Features mismatch: Case=Acc|Gender=Fem|Number=Dual|Number[psor]=Dual|Person=3|Poss=Yes|PronType=Prs != Number[psor]=Dual|Person=3|Poss=Yes|PronType=Prs
531/558 Features mismatch: Mood=Ind|Number=Plur|Person=3|Tense=Past|VerbForm=Fin|Voice=Pass != Mood=Ind|Number=Plur|Person=3|VerbForm=Fin|Voice=Pass
540/567 Features mismatch: Animacy=Inan|Case=Gen|Gender=Masc|Number=Plur != Gender=Masc|Number=Plur
541/568 Features mismatch: Number=Plur|Tense=Past|VerbForm=Part|Voice=Pass != Number=Plur|VerbForm=Part|Voice=Pass
554/581 Features mismatch: Animacy=Inan|Gender=Masc|Number=Sing != _
612/642 Features mismatch: Case=Nom|Gender=Fem|Number=Plur|VerbForm=Part != Case=Nom|Gender=Fem|Number=Plur
740/778 Features mismatch: Mood=Ind|Number=Plur|Person=3|Tense=Past|VerbForm=Fin|Voice=Pass != Mood=Ind|Number=Plur|Person=3|VerbForm=Fin|Voice=Pass
779/819 Features mismatch: Tense=Pres|VerbForm=Trans != Tense=Pres|VerbForm=Conv
831/874 Features mismatch: Mood=Ind|Number=Sing|Person=3|Tense=Pres|VerbForm=Fin != Mood=Ind|Number=Sing|Person=2|Tense=Pres|VerbForm=Fin
844/888 Features mismatch: Animacy=Inan|Case=Gen|Gender=Masc|Number=Sing != Case=Nom|Gender=Masc|Number=Sing
1038/1090 Features mismatch: Abbr=Yes != Abbr=Yes|Case=Gen|Gender=Fem|Number[psor]=Plur|Person=1|Poss=Yes|PronType=Prs
1095/1149 Features mismatch: Animacy=Inan|Case=Nom|Gender=Masc|Number=Plur != Case=Acc|Gender=Masc|Number=Plur
1110/1165 Features mismatch: Animacy=Anim|Case=Acc|Gender=Masc|Number=Plur|PronType=Tot != Case=Gen|Gender=Masc|Number=Plur|PronType=Tot
1111/1166 Features mismatch: Animacy=Nhum|Case=Acc|Gender=Masc|Number=Plur != Case=Gen|Gender=Masc|Number=Plur
1276/1340 Features mismatch: Case=Gen|Gender=Neut|Number=Plur != Case=Gen|Gender=Fem|Number=Plur
1344/1411 Features mismatch: Case=Nom|Gender=Masc|Number=Plur|NumType=Ord != Case=Nom|Number=Plur|NumType=Ord
1345/1412 Features mismatch: Case=Nom|Gender=Masc|Number=Plur != Case=Nom|Number=Plur
1381/1450 Features mismatch: Case=Nom|Gender=Fem|Number=Plur != Case=Nom|Gender=Fem|Number=Sing
1389/1459 Features mismatch: Case=Nom|Gender=Neut|Number=Sing|Tense=Past|VerbForm=Part|Voice=Pass != Case=Nom|Gender=Neut|Number=Sing|VerbForm=Part|Voice=Pass
1440/1512 Features mismatch: Case=Nom|Gender=Masc|Number=Plur|Tense=Past|VerbForm=Part|Voice=Pass != Case=Nom|Number=Plur|VerbForm=Part|Voice=Pass
1447/1519 Features mismatch: Mood=Ind|Number=Dual|Person=3|Tense=Past|VerbForm=Fin|Voice=Pass != Mood=Ind|Number=Dual|Person=3|VerbForm=Fin|Voice=Pass
1448/1520 Features mismatch: Case=Nom|Gender=Masc|Number=Dual|Tense=Past|VerbForm=Part|Voice=Pass != Case=Nom|Number=Dual|VerbForm=Part|Voice=Pass
1492/1566 Features mismatch: Case=Nom|Gender=Fem|Number=Sing|Tense=Past|VerbForm=Part|Voice=Pass != Case=Nom|Gender=Fem|Number=Sing|VerbForm=Part|Voice=Pass
1629/1710 Features mismatch: Animacy=Inan|Case=Acc|Gender=Masc|Number=Sing|Tense=Part|VerbForm=Part|Voice=Pass != Case=Acc|Gender=Masc|Number=Sing|VerbForm=Part|Voice=Pass
1785/1875 Features mismatch: Mood=Ind|Person=3|Tense=Pres|VerbForm=Part != Mood=Ind|Number=Sing|Person=3|Tense=Past|VerbForm=Fin
1817/1909 Features mismatch: Case=Acc|Gender=Neut|Number=Sing|PronType=Neg != Case=Nom|Gender=Neut|Number=Sing|PronType=Neg
1818/1910 Features mismatch: Case=Acc|Gender=Neut|Number=Sing != Case=Nom|Gender=Neut|Number=Sing
1819/1911 Features mismatch: Case=Acc|Gender=Neut|Number=Sing != Case=Nom|Gender=Neut|Number=Sing
2053/2156 Features mismatch: Mood=Ind|Number=Plur|Person=3|Tense=Pres|VerbForm=Fin != Mood=Ind|Number=Sing|Person=3|Tense=Pres|VerbForm=Fin
2074/2179 Features mismatch: Case=Nom|Gender=Fem|Number=Plur|Tense=Past|VerbForm=Part|Voice=Pass != Case=Nom|Gender=Fem|Number=Plur|VerbForm=Part|Voice=Pass
2175/2286 Features mismatch: Case=Nom|Gender=Fem|Number=Plur|PronType=Rel != Case=Dat|Gender=Fem|Number=Sing|PronType=Rel
2361/2480 Features mismatch: Mood=Ind|Number=Sing|Person=3|Tense=Past|VerbForm=Fin != Mood=Ind|Number=Sing|Person=3|Tense=Pres|VerbForm=Fin
2385/2505 Features mismatch: Mood=Ind|Number=Sing|Person=3|Tense=Past|VerbForm=Fin != Mood=Ind|Number=Sing|Person=3|Tense=Pres|VerbForm=Fin
2449/2572 Features mismatch: Animacy=Inan|Case=Nom|Gender=Masc|Number=Plur != Case=Acc|Gender=Masc|Number=Plur
2479/2603 Features mismatch: Mood=Ind|Number=Sing|Person=3|Tense=Past|VerbForm=Fin != Mood=Ind|Number=Sing|Person=3|Tense=Pres|VerbForm=Fin
2492/2616 Features mismatch: Animacy=Inan|Case=Nom|Gender=Masc|Number=Plur|Tense=Past|VerbForm=Part|Voice=Pass != Case=Nom|Gender=Masc|Number=Plur|VerbForm=Part|Voice=Pass
2508/2634 Features mismatch: Mood=Ind|Number=Plur|Person=3|Tense=Pres|VerbForm=Fin != Mood=Ind|Number=Sing|Person=3|Tense=Pres|VerbForm=Fin
2530/2657 Features mismatch: Case=Nom|Gender=Fem|Number=Plur|Tense=Past|VerbForm=Part|Voice=Pass != Case=Nom|Gender=Fem|Number=Plur|VerbForm=Part|Voice=Pass
3115/3272 WARNING: Word form mismatch: našmórnjenjow != našmórnjenjow
3479/3658 Features mismatch: Mood=Ind|Number=Sing|Person=3|Tense=Pres|VerbForm=Fin != Case=Gen|Gender=Neut|Number=Sing
3664/3850 Features mismatch: _ != Gender=Fem|Number=Sing
3946/4147 Features mismatch: Case=Acc|Gender=Masc|Number=Plur != Case=Acc|Gender=Fem|Number=Plur
5103/5357 Features mismatch: Degree=Pos|Negative=Neg != Degree=Pos
5717/6002 Features mismatch: Animacy=Inan|Case=Acc|Gender=Masc|Number=Sing != Case=Acc|Degree=Pos|Gender=Masc|Number=Sing
6240/6552 Features mismatch: Tense=Pres|VerbForm=Trans != Tense=Pres|VerbForm=Conv
6289/6603 Features mismatch: Animacy=Inan|Gender=Masc != Gender=Masc|NumType=Card
6648/6982 Features mismatch: Case=Nom|Gender=Neut|Number=Sing|PronType=Dem != PronType=Dem
6830/7172 Features mismatch: Degree=Pos|Negative=Neg != Degree=Pos
6975/7325 Features mismatch: Abbr=Yes != Abbr=Yes|NumType=Card
7627/8020 Features mismatch: Case=Acc|Gender=Fem|Number=Plur != Case=Acc|Gender=Neut|Number=Plur
7883/8294 Features mismatch: Mood=Ind|Number=Sing|Person=3|Tense=Past|VerbForm=Fin|Voice=Pass != Mood=Ind|Number=Sing|Person=3|Tense=Past|VerbForm=Fin|VerbType=Cop|Voice=Pass
8424/8863 Features mismatch: Abbr=Yes != Abbr=Yes|NumType=Card
9307/9796 Features mismatch: Tense=Pres|VerbForm=Trans != Tense=Pres|VerbForm=Conv
9648/10155 Features mismatch: Case=Acc|Gender=Fem|Number=Sing|NumType=Gen != Case=Acc|Gender=Fem|Number=Sing|NumType=Mult
9650/10157 Features mismatch: Case=Acc|Gender=Fem|Number=Sing|NumType=Gen != Case=Acc|Gender=Fem|Number=Sing|NumType=Mult
10367/10915 Features mismatch: Case=Nom|Gender=Neut|Number=Sing|PronType=Dem != PronType=Dem
11263/11852 Features mismatch: Tense=Pres|VerbForm=Trans != Tense=Pres|VerbForm=Conv
11550/12155 Features mismatch: Abbr=Yes != Abbr=Yes|NumType=Card
11586/12192 Features mismatch: Abbr=Yes != Abbr=Yes|NumType=Card
12030/12656 Features mismatch: Tense=Pres|VerbForm=Trans != Tense=Pres|VerbForm=Conv
12237/12871 Features mismatch: Tense=Pres|VerbForm=Trans != Tense=Pres|VerbForm=Conv
